---
source: tui/src/chatwidget/tests/side.rs
expression: terminal.backend()
---
"                                                                                "
"                                                                                "
"› Ask a follow-up question                                                      "
"                                                                                "
"  glm-5.3-flash Side from main thread · ctrl + / to switch · ctrl + c to close  "
