---
source: tui/src/chatwidget/tests/side.rs
expression: terminal.backend()
---
"                                                                                "
"                                                                                "
"› Ask Suffice to do anything                                                      "
"                                                                                "
"  glm-5.3-flash                                              ctrl + / for side  "
