---
source: tui/src/chatwidget/tests/popups_and_settings.rs
expression: "render_bottom_popup(&chat, 80)"
---
  Select Model and Effort
  Access legacy models by running codex -m <model_name> or in your config.toml

› 1. GPT-5.5            Frontier model for complex coding, research, and real-
                        world work.
  2. GPT-5.5 Plan       Research and draft a plan before making any changes.
  3. GPT-5.2 (current)  Optimized for professional work and long-running
                        agents.
  4. GPT-5.2 Plan       Research and draft a plan before making any changes.

  Press enter to confirm or esc to go back
